#-----------------------------------------------------------
# Vivado v2015.4 (64-bit)
# SW Build 1412921 on Wed Nov 18 09:43:45 MST 2015
# IP Build 1412160 on Tue Nov 17 13:47:24 MST 2015
# Start of session at: Sat Mar 24 15:19:33 2018
# Process ID: 56992
# Current directory: C:/ECE_3700/3700-supreme-fiesta/1_Embedded_Processor_Systems/1_3_Something
# Command line: vivado.exe -gui_launcher_event rodinguilauncherevent63236 C:\ECE_3700\3700-supreme-fiesta\1_Embedded_Processor_Systems\1_3_Something\1_2_SevenSegment.xpr
# Log file: C:/ECE_3700/3700-supreme-fiesta/1_Embedded_Processor_Systems/1_3_Something/vivado.log
# Journal file: C:/ECE_3700/3700-supreme-fiesta/1_Embedded_Processor_Systems/1_3_Something\vivado.jou
#-----------------------------------------------------------
start_gui
open_project C:/ECE_3700/3700-supreme-fiesta/1_Embedded_Processor_Systems/1_3_Something/1_2_SevenSegment.xpr
save_project_as 1_3_Axi-Periferal C:/ECE_3700/3700-supreme-fiesta/1_Embedded_Processor_Systems/1_3_Axi-Periferal -force
import_files
open_bd_design {C:/ECE_3700/3700-supreme-fiesta/1_Embedded_Processor_Systems/1_3_Axi-Periferal/1_3_Axi-Periferal.srcs/sources_1/bd/SevenSegment/SevenSegment.bd}
make_wrapper -files [get_files C:/ECE_3700/3700-supreme-fiesta/1_Embedded_Processor_Systems/1_3_Axi-Periferal/1_3_Axi-Periferal.srcs/sources_1/bd/SevenSegment/SevenSegment.bd] -top
import_files -norecurse C:/ECE_3700/Vivado/Lab1/1_2_axi_logic_interface/1_2_ublaze_system.srcs/sources_1/bd/ublaze/ublaze.bd
export_ip_user_files -of_objects  [get_files  C:/ECE_3700/3700-supreme-fiesta/1_Embedded_Processor_Systems/1_3_Axi-Periferal/1_3_Axi-Periferal.srcs/sources_1/bd/ublaze/ublaze.bd] -force -quiet
update_compile_order -fileset sources_1
open_bd_design {C:/ECE_3700/3700-supreme-fiesta/1_Embedded_Processor_Systems/1_3_Axi-Periferal/1_3_Axi-Periferal.srcs/sources_1/bd/ublaze/ublaze.bd}
set_property location {3 799 287} [get_bd_cells microblaze_0]
regenerate_bd_layout
startgroup
set_property location {4 1192 74} [get_bd_cells microblaze_0_local_memory]
set_property location {3 782 64} [get_bd_cells microblaze_0]
endgroup
set_property location {5 1509 47} [get_bd_cells axi_timer_0]
set_property location {5 1469 543} [get_bd_cells axi_gpio_0]
set_property location {5 1478 250} [get_bd_cells axi_uartlite_0]
regenerate_bd_layout
delete_bd_objs [get_bd_nets axi_gpio_0_gpio_io_o] [get_bd_nets sw_1] [get_bd_intf_nets microblaze_0_axi_periph_M02_AXI] [get_bd_cells axi_gpio_0]
delete_bd_objs [get_bd_ports led]
delete_bd_objs [get_bd_ports sw]
regenerate_bd_layout
set_property location {4 1175 595} [get_bd_cells microblaze_0_axi_periph]
regenerate_bd_layout
create_peripheral xilinx.com user AXI_SevenSegmentDriver 1.0 -dir C:/ECE_3700/3700-supreme-fiesta/1_Embedded_Processor_Systems/ip_repo
add_peripheral_interface S00_AXI -interface_mode slave -axi_type lite [ipx::find_open_core xilinx.com:user:AXI_SevenSegmentDriver:1.0]
generate_peripheral -driver -bfm_example_design -debug_hw_example_design [ipx::find_open_core xilinx.com:user:AXI_SevenSegmentDriver:1.0]
write_peripheral [ipx::find_open_core xilinx.com:user:AXI_SevenSegmentDriver:1.0]
set_property  ip_repo_paths  {C:/ECE_3700/3700-supreme-fiesta/1_Embedded_Processor_Systems/ip_repo/AXI_SevenSegmentDriver_1.0 C:/ECE_3700/3700-supreme-fiesta/IP_REPO} [current_project]
update_ip_catalog -rebuild
ipx::edit_ip_in_project -upgrade true -name edit_AXI_SevenSegmentDriver_v1_0 -directory C:/ECE_3700/3700-supreme-fiesta/1_Embedded_Processor_Systems/ip_repo c:/ECE_3700/3700-supreme-fiesta/1_Embedded_Processor_Systems/ip_repo/AXI_SevenSegmentDriver_1.0/component.xml
update_compile_order -fileset sim_1
set_property  ip_repo_paths  {c:/ECE_3700/3700-supreme-fiesta/1_Embedded_Processor_Systems/ip_repo/AXI_SevenSegmentDriver_1.0 c:/ECE_3700/3700-supreme-fiesta/IP_REPO C:/ECE_3700/Vivado/IP_REPO/SevenSegmentDriver} [current_project]
update_ip_catalog
create_ip -name AXI_SevenSegmentDriver -vendor xilinx.com -library user -version 1.0 -module_name AXI_SevenSegmentDriver_0 -dir C:/ECE_3700/3700-supreme-fiesta/1_Embedded_Processor_Systems/ip_repo/AXI_SevenSegmentDriver_1.0/src
generate_target {instantiation_template} [get_files c:/ECE_3700/3700-supreme-fiesta/1_Embedded_Processor_Systems/ip_repo/AXI_SevenSegmentDriver_1.0/src/AXI_SevenSegmentDriver_0/AXI_SevenSegmentDriver_0.xci]
update_compile_order -fileset sources_1
generate_target all [get_files  c:/ECE_3700/3700-supreme-fiesta/1_Embedded_Processor_Systems/ip_repo/AXI_SevenSegmentDriver_1.0/src/AXI_SevenSegmentDriver_0/AXI_SevenSegmentDriver_0.xci]
export_ip_user_files -of_objects [get_files c:/ECE_3700/3700-supreme-fiesta/1_Embedded_Processor_Systems/ip_repo/AXI_SevenSegmentDriver_1.0/src/AXI_SevenSegmentDriver_0/AXI_SevenSegmentDriver_0.xci] -no_script -force -quiet
create_ip_run [get_files -of_objects [get_fileset sources_1] c:/ECE_3700/3700-supreme-fiesta/1_Embedded_Processor_Systems/ip_repo/AXI_SevenSegmentDriver_1.0/src/AXI_SevenSegmentDriver_0/AXI_SevenSegmentDriver_0.xci]
launch_run -jobs 4 AXI_SevenSegmentDriver_0_synth_1
export_simulation -of_objects [get_files c:/ECE_3700/3700-supreme-fiesta/1_Embedded_Processor_Systems/ip_repo/AXI_SevenSegmentDriver_1.0/src/AXI_SevenSegmentDriver_0/AXI_SevenSegmentDriver_0.xci] -directory c:/ece_3700/3700-supreme-fiesta/1_embedded_processor_systems/ip_repo/edit_AXI_SevenSegmentDriver_v1_0.ip_user_files/sim_scripts -force -quiet
update_ip_catalog -rebuild -scan_changes
report_ip_status -name ip_status
ipx::merge_project_changes files [ipx::current_core]
ipx::merge_project_changes hdl_parameters [ipx::current_core]
set_property core_revision 2 [ipx::current_core]
ipx::create_xgui_files [ipx::current_core]
ipx::update_checksums [ipx::current_core]
ipx::save_core [ipx::current_core]
update_ip_catalog
current_project 1_3_Axi-Periferal
regenerate_bd_layout
startgroup
create_bd_cell -type ip -vlnv xilinx.com:user:AXI_SevenSegmentDriver:1.0 AXI_SevenSegmentDriver_0
endgroup
apply_bd_automation -rule xilinx.com:bd_rule:axi4 -config {Master "/microblaze_0 (Periph)" Clk "Auto" }  [get_bd_intf_pins AXI_SevenSegmentDriver_0/S00_AXI]
validate_bd_design
report_ip_status -name ip_status 
set_property location {3 821 -10} [get_bd_cells AXI_SevenSegmentDriver_0]
current_project edit_AXI_SevenSegmentDriver_v1_0
set_property core_revision 3 [ipx::current_core]
ipx::create_xgui_files [ipx::current_core]
ipx::update_checksums [ipx::current_core]
ipx::save_core [ipx::current_core]
update_ip_catalog -rebuild -scan_changes
report_ip_status -name ip_status
current_project 1_3_Axi-Periferal
delete_bd_objs [get_bd_intf_nets microblaze_0_axi_periph_M02_AXI] [get_bd_cells AXI_SevenSegmentDriver_0]
startgroup
create_bd_cell -type ip -vlnv xilinx.com:user:AXI_SevenSegmentDriver:1.0 AXI_SevenSegmentDriver_0
endgroup
delete_bd_objs [get_bd_cells AXI_SevenSegmentDriver_0]
startgroup
create_bd_cell -type ip -vlnv usu.edu:ECE3700:SevenSegmentDriver:1.0 SevenSegmentDriver_0
endgroup
delete_bd_objs [get_bd_cells SevenSegmentDriver_0]
update_ip_catalog
upgrade_ip [get_ips  {ublaze_rst_clk_wiz_1_100M_0 ublaze_clk_wiz_1_0 ublaze_axi_uartlite_0_0}]
startgroup
create_bd_cell -type ip -vlnv xilinx.com:user:AXI_SevenSegmentDriver:1.0 AXI_SevenSegmentDriver_0
endgroup
current_project edit_AXI_SevenSegmentDriver_v1_0
set_property  ip_repo_paths  {c:/ECE_3700/3700-supreme-fiesta/1_Embedded_Processor_Systems/ip_repo/AXI_SevenSegmentDriver_1.0 c:/ECE_3700/3700-supreme-fiesta/IP_REPO c:/ECE_3700/Vivado/IP_REPO/SevenSegmentDriver C:/ECE_3700/3700-supreme-fiesta} [current_project]
update_ip_catalog
set_property core_revision 4 [ipx::current_core]
ipx::create_xgui_files [ipx::current_core]
ipx::update_checksums [ipx::current_core]
ipx::save_core [ipx::current_core]
update_ip_catalog -rebuild -scan_changes
report_ip_status -name ip_status
current_project 1_3_Axi-Periferal
delete_bd_objs [get_bd_cells AXI_SevenSegmentDriver_0]
startgroup
create_bd_cell -type ip -vlnv xilinx.com:user:AXI_SevenSegmentDriver:1.0 AXI_SevenSegmentDriver_0
endgroup
delete_bd_objs [get_bd_cells AXI_SevenSegmentDriver_0]
report_ip_status -name ip_status 
save_bd_design
update_ip_catalog -rebuild -scan_changes
report_ip_status -name ip_status
startgroup
create_bd_cell -type ip -vlnv xilinx.com:user:AXI_SevenSegmentDriver:1.0 AXI_SevenSegmentDriver_0
endgroup
apply_bd_automation -rule xilinx.com:bd_rule:axi4 -config {Master "/microblaze_0 (Periph)" Clk "Auto" }  [get_bd_intf_pins AXI_SevenSegmentDriver_0/S00_AXI]
regenerate_bd_layout
create_bd_port -dir O -from 6 -to 0 seg
connect_bd_net [get_bd_ports seg] [get_bd_pins AXI_SevenSegmentDriver_0/seg]
create_bd_port -dir I -from 3 -to 0 an
delete_bd_objs [get_bd_ports an]
create_bd_port -dir O -from 3 -to 0 an
connect_bd_net [get_bd_ports an] [get_bd_pins AXI_SevenSegmentDriver_0/an]
create_bd_port -dir O dp
connect_bd_net [get_bd_ports dp] [get_bd_pins AXI_SevenSegmentDriver_0/dp]
save_bd_design
set_property location {1619 87} [get_bd_ports dp]
set_property location {1626 74} [get_bd_ports dp]
set_property location {1621 76} [get_bd_ports dp]
validate_bd_design
regenerate_bd_layout
report_ip_status -name ip_status 
save_bd_design
reset_run synth_1
launch_runs impl_1 -jobs 4
wait_on_run impl_1
launch_runs impl_1 -to_step write_bitstream -jobs 4
wait_on_run impl_1
open_run impl_1
file mkdir C:/ECE_3700/3700-supreme-fiesta/1_Embedded_Processor_Systems/1_3_Axi-Periferal/1_3_Axi-Periferal.sdk
file copy -force C:/ECE_3700/3700-supreme-fiesta/1_Embedded_Processor_Systems/1_3_Axi-Periferal/1_3_Axi-Periferal.runs/impl_1/SevenSegment_wrapper.sysdef C:/ECE_3700/3700-supreme-fiesta/1_Embedded_Processor_Systems/1_3_Axi-Periferal/1_3_Axi-Periferal.sdk/SevenSegment_wrapper.hdf

launch_sdk -workspace C:/ECE_3700/3700-supreme-fiesta/1_Embedded_Processor_Systems/1_3_Axi-Periferal/1_3_Axi-Periferal.sdk -hwspec C:/ECE_3700/3700-supreme-fiesta/1_Embedded_Processor_Systems/1_3_Axi-Periferal/1_3_Axi-Periferal.sdk/SevenSegment_wrapper.hdf
current_project edit_AXI_SevenSegmentDriver_v1_0
close_project
file copy -force C:/ECE_3700/3700-supreme-fiesta/1_Embedded_Processor_Systems/1_3_Axi-Periferal/1_3_Axi-Periferal.runs/impl_1/SevenSegment_wrapper.sysdef C:/ECE_3700/3700-supreme-fiesta/1_Embedded_Processor_Systems/1_3_Axi-Periferal/1_3_Axi-Periferal.sdk/SevenSegment_wrapper.hdf

launch_sdk -workspace C:/ECE_3700/3700-supreme-fiesta/1_Embedded_Processor_Systems/1_3_Axi-Periferal/1_3_Axi-Periferal.sdk -hwspec C:/ECE_3700/3700-supreme-fiesta/1_Embedded_Processor_Systems/1_3_Axi-Periferal/1_3_Axi-Periferal.sdk/SevenSegment_wrapper.hdf
launch_sdk -workspace C:/ECE_3700/3700-supreme-fiesta/1_Embedded_Processor_Systems/1_3_Axi-Periferal/1_3_Axi-Periferal.sdk -hwspec C:/ECE_3700/3700-supreme-fiesta/1_Embedded_Processor_Systems/1_3_Axi-Periferal/1_3_Axi-Periferal.sdk/SevenSegment_wrapper.hdf
