#-----------------------------------------------------------
# Vivado v2015.4 (64-bit)
# SW Build 1412921 on Wed Nov 18 09:43:45 MST 2015
# IP Build 1412160 on Tue Nov 17 13:47:24 MST 2015
# Start of session at: Wed Jan 31 16:28:17 2018
# Process ID: 34328
# Current directory: C:/Users/Taylor/Documents/ECE_3700/3700-supreme-fiesta/1_Embedded_Processor_Systems/1_2_axi_logic_interface/1_2_ublaze_system.runs/synth_2_basysboard
# Command line: vivado.exe -log ublaze_wrapper.vds -mode batch -messageDb vivado.pb -notrace -source ublaze_wrapper.tcl
# Log file: C:/Users/Taylor/Documents/ECE_3700/3700-supreme-fiesta/1_Embedded_Processor_Systems/1_2_axi_logic_interface/1_2_ublaze_system.runs/synth_2_basysboard/ublaze_wrapper.vds
# Journal file: C:/Users/Taylor/Documents/ECE_3700/3700-supreme-fiesta/1_Embedded_Processor_Systems/1_2_axi_logic_interface/1_2_ublaze_system.runs/synth_2_basysboard\vivado.jou
#-----------------------------------------------------------
source ublaze_wrapper.tcl -notrace
