14:05:02 **** Auto Build of configuration Debug for project lab4 ****
make all 
Building file: ../src/helloworld.c
Invoking: MicroBlaze gcc compiler
mb-gcc -Wall -O0 -g3 -c -fmessage-length=0 -MT"src/helloworld.o" -I../../lab4_bsp/microblaze_0/include -mlittle-endian -mcpu=v9.5 -mxl-soft-mul -Wl,--no-relax -MMD -MP -MF"src/helloworld.d" -MT"src/helloworld.d" -o "src/helloworld.o" "../src/helloworld.c"
../src/helloworld.c: In function 'main':
../src/helloworld.c:80:3: warning: implicit declaration of function 'MB_Sleep' [-Wimplicit-function-declaration]
   MB_Sleep(600);
   ^
Finished building: ../src/helloworld.c
 
Building target: lab4.elf
Invoking: MicroBlaze gcc linker
mb-gcc -Wl,-T -Wl,../src/lscript.ld -L../../lab4_bsp/microblaze_0/lib -mlittle-endian -mcpu=v9.5 -mxl-soft-mul -Wl,--no-relax -o "lab4.elf"  ./src/helloworld.o ./src/platform.o   -Wl,--start-group,-lxil,-lgcc,-lc,--end-group
Finished building target: lab4.elf
 
Invoking: MicroBlaze Print Size
mb-size lab4.elf  |tee "lab4.elf.size"
   text	   data	    bss	    dec	    hex	filename
   6705	    292	   3131	  10128	   2790	lab4.elf
Finished building: lab4.elf.size
 

14:05:02 Build Finished (took 363ms)

